['1', '1', '*', 'alpha'] 011111000000001101101010
