['1', '1', '*', 'alpha'] 011111000000001101101010
['1', '1', '1', 'beta'] 011111000000001100111000
['*', '1', '1', 'beta'] 100101110000001100111000
['*', '*', '*', 'delta'] 100101110111011101101010
