['1', '1', '*', 'alpha'] 011111000000001101101010
['1', '1', '1', 'beta'] 011111000000001110010111
