['*', '1', '1', 'alpha'] 011111000000001101101010
['1', '1', '1', 'alpha'] 100101110000001101101010
['1', '1', '*', 'beta'] 100101110000001100111000
