['1', '0', '2', 'alpha'] 011111000000001101101010
['1', '0', '3', 'alpha'] 011111000000001110010111
['1', '0', '4', 'beta'] 011111000000001110011010
